; function main
function %main() {
  block0:
    ; ...
    return
}
