{
  "children": [],
  "kind": "Fn",
  "node_id": 1,
  "span": {
    "end": 0,
    "file": "<mem>",
    "start": 0
  },
  "value": null
}
