fun main : Unit
  params: []
  dict_params: []
  where: []
  body: Fn@1
